[maxcdn.bootstrapcdn.com/bootstrap/4.5.2/css/bootstrap.min.css]
[backblue.gif]
[fade.gif]
[index.html]
[nitkkr.ac.in/wp-includes/js/jquery/jquery.min.js]
[nitkkr.ac.in/indexd784.html]
[nitkkr.ac.in/wp-includes/js/jquery/jquery-migrate.min.js]
[nitkkr.ac.in/indexa6da.html]
[nitkkr.ac.in/xmlrpc0db0.php]
[nitkkr.ac.in/wp-content/uploads/2023/09/cropped-nitlogo-1-32x32.png]
[nitkkr.ac.in/wp-content/uploads/2023/09/cropped-nitlogo-1-192x192.png]
[nitkkr.ac.in/wp-content/uploads/2023/09/cropped-nitlogo-1-180x180.png]
[code.jquery.com/jquery-1.12.4.js]
[nitkkr.ac.in/wp-content/plugins/smart-slider-3/Public/SmartSlider3/Application/Frontend/Assets/dist/n2.min83e8.js]
[nitkkr.ac.in/wp-content/plugins/smart-slider-3/Public/SmartSlider3/Application/Frontend/Assets/dist/smartslider-frontend.min83e8.js]
[nitkkr.ac.in/wp-content/plugins/smart-slider-3/Public/SmartSlider3/Slider/SliderType/Simple/Assets/dist/ss-simple.min83e8.js]
[nitkkr.ac.in/wp-content/plugins/smart-slider-3/Public/SmartSlider3/Widget/Arrow/ArrowImage/Assets/dist/w-arrow-image.min83e8.js]
[nitkkr.ac.in/wp-content/uploads/2023/11/60-year-logo-140720223-e1705218165789.jpg]
[nitkkr.ac.in/wp-content/uploads/2023/09/NIT-1ST-CUT.mp4]
[nitkkr.ac.in/wp-content/uploads/2022/03/ESS-EMP-LOGIN.pdf]
[nitkkr.ac.in/wp-content/uploads/2021/12/Medical-reimbursement-form.pdf]
[nitkkr.ac.in/wp-content/uploads/2024/02/Placement-Team-2023-24updated.pdf]
[nitkkr.ac.in/wp-content/uploads/2023/03/Training-Placement-Brochure-2022-23_compressed-2.pdf]
[nitkkr.ac.in/wp-content/uploads/2021/09/TP_Cell_Guidelines.pdf]
[nitkkr.ac.in/wp-content/uploads/2021/09/PLACEMENT_PROTOCOL_1.pdf]
[nitkkr.ac.in/wp-content/uploads/2021/09/UG-Internship-Guidelines_final-08042021.pdf]
[nitkkr.ac.in/wp-content/uploads/2021/09/Build-a-Relationship-converted_1.pdf]
[nitkkr.ac.in/wp-content/uploads/2023/11/Website-Update-_-Invitation.030823.pdf]
[nitkkr.ac.in/wp-content/uploads/2021/09/Reach-Us.pdf]
[nitkkr.ac.in/wp-content/uploads/2021/09/Frequently_Asked_Questions.pdf]
[nitkkr.ac.in/wp-content/uploads/2022/02/directorim.jpg]
[nitkkr.ac.in/wp-content/uploads/2023/12/GAMnWnAWwAAay3a-e1702807975783-1568x977.jpg]
[nitkkr.ac.in/wp-content/uploads/2023/09/Trophy-Certi-e1697636082652-1.jpg]
[nitkkr.ac.in/wp-content/uploads/2023/09/IMG_8550-1-scaled-3-1568x981.jpg]
[nitkkr.ac.in/wp-content/uploads/2023/11/IMG20220903190255-1-scaled-e1701943130980.jpg]
[nitkkr.ac.in/wp-content/themes/nitkkr/js/bootstrap.bundle.min.js]
[nitkkr.ac.in/wp-content/themes/nitkkr/js/easyResponsiveTabs.js]
[nitkkr.ac.in/wp-content/themes/nitkkr/js/slick.min.js]
[nitkkr.ac.in/wp-content/themes/nitkkr/js/custom.js]
[ajax.googleapis.com/ajax/libs/jquery/3.5.1/jquery.min.js]
[cdnjs.cloudflare.com/ajax/libs/popper.js/2.9.2/umd/popper.min.js]
[maxcdn.bootstrapcdn.com/bootstrap/4.5.2/js/bootstrap.min.js]
[nitkkr.ac.in/wp-content/themes/nitkkr/js/wow.js]
[nitkkr.ac.in/wp-content/themes/nitkkr/js/odometer.min.js]
[nitkkr.ac.in/wp-content/themes/nitkkr/js/countMe.min.js]
[nitkkr.ac.in/wp-content/plugins/zeno-font-resizer/js/js.cookie.js]
[nitkkr.ac.in/wp-content/plugins/zeno-font-resizer/js/jquery.fontsize.js]
[nitkkr.ac.in/wp-content/themes/nitkkr/assets/js/polyfills.js]
[nitkkr.ac.in/wp-content/themes/nitkkr/assets/js/primary-navigation.js]
[nitkkr.ac.in/wp-content/themes/nitkkr/assets/js/responsive-embeds.js]
[nitkkr.ac.in/wp-content/plugins/ajax-search-lite/js/min/plugin/optimized/asl-prereq.js]
[nitkkr.ac.in/wp-content/plugins/ajax-search-lite/js/min/plugin/optimized/asl-core.js]
[nitkkr.ac.in/wp-content/plugins/ajax-search-lite/js/min/plugin/optimized/asl-results-vertical.js]
[nitkkr.ac.in/wp-content/plugins/ajax-search-lite/js/min/plugin/optimized/asl-autocomplete.js]
[nitkkr.ac.in/wp-content/plugins/ajax-search-lite/js/min/plugin/optimized/asl-load.js]
[nitkkr.ac.in/wp-content/plugins/ajax-search-lite/js/min/plugin/optimized/asl-wrapper.js]
[nitkkr.ac.in/index.html]
[nitkkr.ac.in/wp-content/themes/nitkkr/css/all.min.css]
[nitkkr.ac.in/wp-content/themes/nitkkr/css/bootstrap.css]
[nitkkr.ac.in/wp-content/themes/nitkkr/css/animate.css]
[nitkkr.ac.in/wp-content/themes/nitkkr/css/odometer.min.css]
[nitkkr.ac.in/wp-content/themes/nitkkr/fonts/fontawesome-webfont3e6e.eot]
[nitkkr.ac.in/wp-content/themes/nitkkr/fonts/fontawesome-webfontd41d.eot]
[nitkkr.ac.in/wp-content/themes/nitkkr/fonts/fontawesome-webfont3e6e.woff]
[nitkkr.ac.in/wp-content/themes/nitkkr/fonts/fontawesome-webfont3e6e.ttf]
[nitkkr.ac.in/wp-content/themes/nitkkr/css/font-awesome.css]
[maxcdn.bootstrapcdn.com/bootstrap/4.5.2/css/bootstrap.min.css]
[nitkkr.ac.in/wp-content/themes/nitkkr/css/easy-responsive-tabs.css]
[nitkkr.ac.in/wp-content/themes/nitkkr/css/slick.css]
[nitkkr.ac.in/wp-content/themes/nitkkr/images/imp_thingbg.jpg]
[nitkkr.ac.in/wp-content/themes/nitkkr/images/subscribe_bg.png]
[nitkkr.ac.in/wp-content/themes/nitkkr/images/nav_icon.png]
[nitkkr.ac.in/wp-content/themes/nitkkr/images/inner-banner.jpg]
[nitkkr.ac.in/wp-content/themes/nitkkr/css/style.css]
[nitkkr.ac.in/wp-content/uploads/2022/04/LIST-OF-FACULTY-MEMBERS-OF-THE-ELECT.-ENGG.-DEPTT.-24032022.pdf]
[nitkkr.ac.in/wp-content/uploads/2022/03/jpg-1-e1647431428623.jpg]
[nitkkr.ac.in/wp-content/uploads/2021/10/NIT-K-4.png]
[nitkkr.ac.in/wp-content/uploads/2021/09/convo2020a.jpg]
[nitkkr.ac.in/wp-content/uploads/2021/09/banner-2-e1700574473915.jpg]
[nitkkr.ac.in/index926e.html]
[nitkkr.ac.in/indexc074.html]
[nitkkr.ac.in/wp-includes/css/dist/block-library/style.min.css]
[nitkkr.ac.in/wp-content/plugins/album-and-image-gallery-plus-lightbox/assets/css/magnific-popup.css]
[nitkkr.ac.in/wp-content/plugins/album-and-image-gallery-plus-lightbox/assets/images/ajax-loader.gif]
[nitkkr.ac.in/wp-content/plugins/album-and-image-gallery-plus-lightbox/assets/css/slick.css]
[nitkkr.ac.in/wp-content/plugins/album-and-image-gallery-plus-lightbox/assets/css/aigpl-public.css]
[nitkkr.ac.in/wp-content/plugins/wp-user-manager/assets/css/wpum.min.css]
[nitkkr.ac.in/wp-content/themes/nitkkr/images/nav_icon1.png]
[nitkkr.ac.in/wp-content/themes/nitkkr/images/slide_arrow_right.png]
[nitkkr.ac.in/wp-content/themes/nitkkr/images/slide_arrow_left.png]
[nitkkr.ac.in/wp-content/themes/nitkkr/style.css]
[nitkkr.ac.in/wp-content/themes/nitkkr/assets/css/print.css]
[nitkkr.ac.in/wp-content/plugins/ajax-search-lite/css/style.basic.css]
[nitkkr.ac.in/wp-content/plugins/ajax-search-lite/css/style-underline.css]
[nitkkr.ac.in/wp-content/plugins/smart-slider-3/Public/SmartSlider3/Application/Frontend/Assets/dist/smartslider.min83e8.css]
[nitkkr.ac.in/index52f0.json]
[nitkkr.ac.in/index5f57.json]
[nitkkr.ac.in/indexca93.json]
[nitkkr.ac.in/index8b30.json]
[nitkkr.ac.in/wp-content/themes/nitkkr/css/responsive.css]
[nitkkr.ac.in/wp-content/uploads/2023/11/IMG20220903190255-1-scaled-e1701943130980-1568x120.jpg]
[nitkkr.ac.in/index8a21.html]
[nitkkr.ac.in/indexc7dc.html]
[nitkkr.ac.in/index7425.html]
[nitkkr.ac.in/wp-content/uploads/2024/02/IMG20220903190255-1-scaled-1-300x225.jpg]
[nitkkr.ac.in/wp-content/uploads/2024/02/24131961_285405678647849_426967072086000359_o-300x201.jpg]
[nitkkr.ac.in/wp-content/uploads/2024/02/download.jpg]
[nitkkr.ac.in/wp-content/uploads/2024/02/images-1.jpg]
[nitkkr.ac.in/wp-content/uploads/2024/02/main-qimg-3b6ecdce633db15cc2f15168491bcc5f-lq-300x156.jpg]
[nitkkr.ac.in/wp-content/uploads/2024/02/images-300x83.jpg]
[nitkkr.ac.in/wp-content/uploads/2022/03/library.jpg]
[nitkkr.ac.in/wp-content/uploads/2022/03/geeks.jpg]
[nitkkr.ac.in/wp-content/uploads/2022/03/senatehl.jpg]
[nitkkr.ac.in/wp-content/uploads/2022/03/ground.jpg]
[nitkkr.ac.in/index8539.html]
[nitkkr.ac.in/wp-content/uploads/2024/01/NITKKR-Overall-2024.pdf]
[nitkkr.ac.in/wp-content/uploads/2024/01/NITKKR-ENGG-2024.pdf]
[nitkkr.ac.in/wp-content/uploads/2023/01/NIRF-2023-DCS-uploaded.pdf]
[nitkkr.ac.in/wp-content/uploads/2023/03/NIRF-2022-Certificate.pdf]
[nitkkr.ac.in/wp-content/uploads/2023/01/NIRF-2022-DCS-NITKKR-01032022-1.pdf]
[nitkkr.ac.in/wp-content/uploads/2023/01/NIRF-Certificate-IR-E-U-0172-12042022-scaled-3.jpg]
[nitkkr.ac.in/wp-content/uploads/2023/01/National-Institutional-Ranking-Framework-NIRF-2021-240220211.pdf]
[nitkkr.ac.in/wp-content/uploads/2023/01/National-Institutional-Ranking-Framework-NIRF-2020_-2.pdf]
[nitkkr.ac.in/wp-content/uploads/2023/01/Data-Entry-All-Report-MHRD-National-Institutional-Ranking-Framework-NIRF-1.pdf]
[nitkkr.ac.in/wp-content/uploads/2023/01/All-Report-MHRD-National-Institutional-Ranking-Framework-NIRF-1.pdf]
[nitkkr.ac.in/wp-content/uploads/2023/01/dcs__engg.pdf]
[nitkkr.ac.in/wp-content/uploads/2023/01/dcs_overall-1.pdf]
[nitkkr.ac.in/wp-content/uploads/2023/01/updated_nirf.1490342978-1.pdf]
[nitkkr.ac.in/wp-content/uploads/2023/01/All-Report-MHRD-NIRF-ENGG-2.pdf]
[nitkkr.ac.in/wp-content/uploads/2023/01/All-Report-MHRD-NIRF-Overall.pdf]
[nitkkr.ac.in/wp-content/uploads/2023/01/executivedevelopmentprogram.xlsx-3.pdf]
[nitkkr.ac.in/wp-content/uploads/2023/01/enterpreneurship.xlsx-2.pdf]
[nitkkr.ac.in/wp-content/uploads/2023/01/sponsored_nirf.pdf]
[nitkkr.ac.in/wp-content/uploads/2023/01/summary_nirf.pdf]
[nitkkr.ac.in/wp-content/uploads/2023/01/top_nirf.pdf]
[nitkkr.ac.in/index5e36.html]
[nitkkr.ac.in/wp-content/uploads/2021/09/banner-2-e1700574473915-1568x207.jpg]
[nitkkr.ac.in/index92fd.html]
[nitkkr.ac.in/index956a.html]
[nitkkr.ac.in/wp-content/uploads/2023/09/NEWSLETTER-2023-Issue-I-1-Jan-April2023.pdf]
[nitkkr.ac.in/index8383.html]
[nitkkr.ac.in/indexe692.html]
[nitkkr.ac.in/indexf5e6.html]
